2025-07-18 22:03:08 [background-preinit] INFO  o.h.validator.internal.util.Version - HV000001: Hibernate Validator 8.0.2.Final
2025-07-18 22:03:08 [main] INFO  c.example.demo.LoanSystemApplication - Starting LoanSystemApplication using Java 17.0.10 with PID 76917 (/Users/nassourwassin/Downloads/loan-backend-system/target/classes started by nassourwassin in /Users/nassourwassin/Downloads/loan-backend-system)
2025-07-18 22:03:08 [main] INFO  c.example.demo.LoanSystemApplication - The following 1 profile is active: "local"
2025-07-18 22:03:08 [main] INFO  o.a.coyote.http11.Http11NioProtocol - Initializing ProtocolHandler ["http-nio-8080"]
2025-07-18 22:03:08 [main] INFO  o.a.catalina.core.StandardService - Starting service [Tomcat]
2025-07-18 22:03:08 [main] INFO  o.a.catalina.core.StandardEngine - Starting Servlet engine: [Apache Tomcat/10.1.42]
2025-07-18 22:03:08 [main] INFO  o.a.c.c.C.[Tomcat].[localhost].[/] - Initializing Spring embedded WebApplicationContext
2025-07-18 22:03:08 [main] INFO  com.zaxxer.hikari.HikariDataSource - HikariPool-1 - Starting...
2025-07-18 22:03:08 [main] INFO  com.zaxxer.hikari.pool.HikariPool - HikariPool-1 - Added connection org.postgresql.jdbc.PgConnection@682e445e
2025-07-18 22:03:08 [main] INFO  com.zaxxer.hikari.HikariDataSource - HikariPool-1 - Start completed.
2025-07-18 22:03:09 [main] INFO  liquibase.database - Set default schema name to public
2025-07-18 22:03:09 [main] INFO  liquibase.changelog - Reading from public.databasechangelog
2025-07-18 22:03:09 [main] INFO  liquibase.ui - Database is up to date, no changesets to execute
2025-07-18 22:03:09 [main] INFO  liquibase.changelog - Reading from public.databasechangelog
2025-07-18 22:03:09 [main] INFO  liquibase.util - UPDATE SUMMARY
2025-07-18 22:03:09 [main] INFO  liquibase.util - Run:                          0
2025-07-18 22:03:09 [main] INFO  liquibase.util - Previously run:               1
2025-07-18 22:03:09 [main] INFO  liquibase.util - Filtered out:                 0
2025-07-18 22:03:09 [main] INFO  liquibase.util - -------------------------------
2025-07-18 22:03:09 [main] INFO  liquibase.util - Total change sets:            1
2025-07-18 22:03:09 [main] INFO  liquibase.util - Update summary generated
2025-07-18 22:03:09 [main] INFO  liquibase.command - Command execution complete
2025-07-18 22:03:09 [main] INFO  o.h.jpa.internal.util.LogHelper - HHH000204: Processing PersistenceUnitInfo [name: default]
2025-07-18 22:03:09 [main] INFO  org.hibernate.Version - HHH000412: Hibernate ORM core version 6.6.18.Final
2025-07-18 22:03:09 [main] INFO  o.h.c.i.RegionFactoryInitiator - HHH000026: Second-level cache disabled
2025-07-18 22:03:10 [main] WARN  org.hibernate.orm.deprecation - HHH90000025: PostgreSQLDialect does not need to be specified explicitly using 'hibernate.dialect' (remove the property setting and it will be selected by default)
2025-07-18 22:03:10 [main] INFO  o.hibernate.orm.connections.pooling - HHH10001005: Database info:
	Database JDBC URL [Connecting through datasource 'HikariDataSource (HikariPool-1)']
	Database driver: undefined/unknown
	Database version: 15.13
	Autocommit mode: undefined/unknown
	Isolation level: undefined/unknown
	Minimum pool size: undefined/unknown
	Maximum pool size: undefined/unknown
2025-07-18 22:03:10 [main] INFO  o.h.e.t.j.p.i.JtaPlatformInitiator - HHH000489: No JTA platform available (set 'hibernate.transaction.jta.platform' to enable JTA platform integration)
2025-07-18 22:03:10 [main] WARN  o.s.b.a.o.j.JpaBaseConfiguration$JpaWebConfiguration - spring.jpa.open-in-view is enabled by default. Therefore, database queries may be performed during view rendering. Explicitly configure spring.jpa.open-in-view to disable this warning
2025-07-18 22:03:10 [main] INFO  o.a.coyote.http11.Http11NioProtocol - Starting ProtocolHandler ["http-nio-8080"]
2025-07-18 22:03:10 [main] INFO  c.example.demo.LoanSystemApplication - Started LoanSystemApplication in 3.075 seconds (process running for 3.451)
2025-07-18 22:05:59 [http-nio-8080-exec-1] INFO  o.a.c.c.C.[Tomcat].[localhost].[/] - Initializing Spring DispatcherServlet 'dispatcherServlet'
2025-07-18 22:06:06 [SpringApplicationShutdownHook] INFO  com.zaxxer.hikari.HikariDataSource - HikariPool-1 - Shutdown initiated...
2025-07-18 22:06:06 [SpringApplicationShutdownHook] INFO  com.zaxxer.hikari.HikariDataSource - HikariPool-1 - Shutdown completed.
2025-07-18 22:06:09 [background-preinit] INFO  o.h.validator.internal.util.Version - HV000001: Hibernate Validator 8.0.2.Final
2025-07-18 22:06:09 [main] INFO  c.example.demo.LoanSystemApplication - Starting LoanSystemApplication using Java 17.0.10 with PID 77138 (/Users/nassourwassin/Downloads/loan-backend-system/target/classes started by nassourwassin in /Users/nassourwassin/Downloads/loan-backend-system)
2025-07-18 22:06:09 [main] INFO  c.example.demo.LoanSystemApplication - The following 1 profile is active: "local"
2025-07-18 22:06:10 [main] INFO  o.a.coyote.http11.Http11NioProtocol - Initializing ProtocolHandler ["http-nio-8080"]
2025-07-18 22:06:10 [main] INFO  o.a.catalina.core.StandardService - Starting service [Tomcat]
2025-07-18 22:06:10 [main] INFO  o.a.catalina.core.StandardEngine - Starting Servlet engine: [Apache Tomcat/10.1.42]
2025-07-18 22:06:10 [main] INFO  o.a.c.c.C.[Tomcat].[localhost].[/] - Initializing Spring embedded WebApplicationContext
2025-07-18 22:06:10 [main] INFO  com.zaxxer.hikari.HikariDataSource - HikariPool-1 - Starting...
2025-07-18 22:06:10 [main] INFO  com.zaxxer.hikari.pool.HikariPool - HikariPool-1 - Added connection org.postgresql.jdbc.PgConnection@65593327
2025-07-18 22:06:10 [main] INFO  com.zaxxer.hikari.HikariDataSource - HikariPool-1 - Start completed.
2025-07-18 22:06:10 [main] INFO  liquibase.database - Set default schema name to public
2025-07-18 22:06:10 [main] INFO  liquibase.changelog - Reading from public.databasechangelog
2025-07-18 22:06:10 [main] INFO  liquibase.ui - Database is up to date, no changesets to execute
2025-07-18 22:06:10 [main] INFO  liquibase.changelog - Reading from public.databasechangelog
2025-07-18 22:06:10 [main] INFO  liquibase.util - UPDATE SUMMARY
2025-07-18 22:06:10 [main] INFO  liquibase.util - Run:                          0
2025-07-18 22:06:10 [main] INFO  liquibase.util - Previously run:               1
2025-07-18 22:06:10 [main] INFO  liquibase.util - Filtered out:                 0
2025-07-18 22:06:10 [main] INFO  liquibase.util - -------------------------------
2025-07-18 22:06:10 [main] INFO  liquibase.util - Total change sets:            1
2025-07-18 22:06:10 [main] INFO  liquibase.util - Update summary generated
2025-07-18 22:06:10 [main] INFO  liquibase.command - Command execution complete
2025-07-18 22:06:11 [main] INFO  o.h.jpa.internal.util.LogHelper - HHH000204: Processing PersistenceUnitInfo [name: default]
2025-07-18 22:06:11 [main] INFO  org.hibernate.Version - HHH000412: Hibernate ORM core version 6.6.18.Final
2025-07-18 22:06:11 [main] INFO  o.h.c.i.RegionFactoryInitiator - HHH000026: Second-level cache disabled
2025-07-18 22:06:11 [main] WARN  org.hibernate.orm.deprecation - HHH90000025: PostgreSQLDialect does not need to be specified explicitly using 'hibernate.dialect' (remove the property setting and it will be selected by default)
2025-07-18 22:06:11 [main] INFO  o.hibernate.orm.connections.pooling - HHH10001005: Database info:
	Database JDBC URL [Connecting through datasource 'HikariDataSource (HikariPool-1)']
	Database driver: undefined/unknown
	Database version: 15.13
	Autocommit mode: undefined/unknown
	Isolation level: undefined/unknown
	Minimum pool size: undefined/unknown
	Maximum pool size: undefined/unknown
2025-07-18 22:06:11 [main] INFO  o.h.e.t.j.p.i.JtaPlatformInitiator - HHH000489: No JTA platform available (set 'hibernate.transaction.jta.platform' to enable JTA platform integration)
2025-07-18 22:06:12 [main] WARN  o.s.b.a.o.j.JpaBaseConfiguration$JpaWebConfiguration - spring.jpa.open-in-view is enabled by default. Therefore, database queries may be performed during view rendering. Explicitly configure spring.jpa.open-in-view to disable this warning
2025-07-18 22:06:12 [main] INFO  o.a.coyote.http11.Http11NioProtocol - Starting ProtocolHandler ["http-nio-8080"]
2025-07-18 22:06:12 [main] INFO  c.example.demo.LoanSystemApplication - Started LoanSystemApplication in 3.224 seconds (process running for 3.632)
2025-07-18 22:06:17 [http-nio-8080-exec-1] INFO  o.a.c.c.C.[Tomcat].[localhost].[/] - Initializing Spring DispatcherServlet 'dispatcherServlet'
2025-07-18 22:17:17 [HikariPool-1:housekeeper] WARN  com.zaxxer.hikari.pool.HikariPool - HikariPool-1 - Thread starvation or clock leap detected (housekeeper delta=5m37s53ms).
2025-07-18 22:24:46 [HikariPool-1:housekeeper] WARN  com.zaxxer.hikari.pool.HikariPool - HikariPool-1 - Thread starvation or clock leap detected (housekeeper delta=6m29s30ms).
2025-07-18 22:27:24 [HikariPool-1:housekeeper] WARN  com.zaxxer.hikari.pool.HikariPool - HikariPool-1 - Thread starvation or clock leap detected (housekeeper delta=2m38s136ms).
2025-07-18 23:06:54 [HikariPool-1:housekeeper] WARN  com.zaxxer.hikari.pool.HikariPool - HikariPool-1 - Thread starvation or clock leap detected (housekeeper delta=39m30s263ms).
2025-07-18 23:50:55 [HikariPool-1:housekeeper] WARN  com.zaxxer.hikari.pool.HikariPool - HikariPool-1 - Thread starvation or clock leap detected (housekeeper delta=44m970ms).
